// Jest Snapshot v1, https://goo.gl/fbAQLP

exports[`@biorate/vault read 1`] = `
Object {
  "hello": "world",
}
`;
