// Jest Snapshot v1, https://goo.gl/fbAQLP

exports[`@biorate/redis delete 1`] = `1`;

exports[`@biorate/redis get 1`] = `"value"`;

exports[`@biorate/redis set 1`] = `"OK"`;
