// Jest Snapshot v1, https://goo.gl/fbAQLP

exports[`@biorate/minio getObject 1`] = `"Hello world!"`;
