// Jest Snapshot v1, https://goo.gl/fbAQLP

exports[`@biorate/sequelize query 1`] = `
Object {
  "result": 4,
}
`;
