// Jest Snapshot v1, https://goo.gl/fbAQLP

exports[`@biorate/proxy write 1`] = `"Hello world!"`;
