// Jest Snapshot v1, https://goo.gl/fbAQLP

exports[`@biorate/masquerade processJSON 1`] = `
Object {
  "email": "tes*@*******om",
}
`;

exports[`@biorate/masquerade processString 1`] = `
"2025-08-06T09:00:06.382Z

2025-08-06 09:00:06

О компании \\"ФинансГарант\\"
Приветствуем вас! Мы — команда профессионалов, посвятивших себя защите ваших финансовых интересов. Наши эксперты всегда готовы помочь:

Наша команда
Александр Петров — руководитель отдела безопасности:
Контакты: a*******@**************u, рабочий телефон: +* (***) ***-43-21
Личный WhatsApp: *-***-***-4567

Мария Иванова-Сидорова — финансовый аналитик:
Email: m********@***************m, Tel: 495 987 65 43
Экстренная связь: 916-765-4321

John Smith — международные партнерства:
j******@***************g, Mobile: +44 20 7123 4567
Для платежей: Карта Visa 4111 11** **** 1111 (до 08/2025)

Контактная информация
Центральный офис:
125167, Москва, Ленинградский проспект, д. 39, стр. 80
Телефоны:

Общий: * (***) ***-14-14

Бухгалтерия: +* *** ***-45-67 доб. 506

Факс: 495-123-45-68

Электронная почта:

Общие вопросы: i***@**************u

Техподдержка: s******@***************m

Партнерство: p*******@*************g

Платежные реквизиты
Для международных переводов:

Банковская карта: Mastercard 5500 00** **** 0004 (Иванов И.И.)

Счет в EUR: DE91 1000 00** **** **67 89

Криптокошелек: 0x742d35Cc6634C0532925a3b844Bc454e4438f44e

Истории успеха
Наш клиент Сергей Кузнецов (s**********@********m, тел. 903-123-4567) увеличил капитал на 45% за год. Его отзыв:
\\"Благодаря советам Марии Ивановой (m********@***************m) и использованию карты Amex 3782 822463 10005 мои инвестиции стали работать эффективнее!\\"

Технические контакты
При обнаружении уязвимостей обращайтесь:

Сергей Васильев — Head of Security
PGP: s*******@**************u
Телефон: +* *** ***-11-22
Для вознаграждений: Visa 4242 42** **** 4242

Примечание безопасности:
Все контакты защищены системой маскировки данных. Реальные данные доступны только авторизованным сотрудникам через защищенные каналы. Для проверки сервиса используйте тестовые платежные реквизиты:

Карта: 4000 00** **** 3220 (Visa Test)

Телефон: +* (***) ***-00-01

Содержание персональных данных:
Имена (8 вхождений):

Александр Петров

Мария Иванова-Сидорова

John Smith

Иванов И.И.

Сергей Кузнецов

Сергей Васильев

m.ivanova (имя в email)

s.kuznetsov (имя в email)

Телефоны (8 номеров):

+* (***) ***-43-21

*-***-***-4567

495 987 65 43

916-765-4321

+44 20 7123 4567

* (***) ***-14-14

+* *** ***-45-67 доб. 506

+* *** ***-11-22

Email (7 адресов):

a*******@**************u

m********@***************m

j******@***************g

i***@**************u

s******@***************m

p*******@*************g

s**********@********m

Банковские карты (5 номеров):

4111 11** **** 1111

5500 00** **** 0004

3782 822463 10005

4242 42** **** 4242

4000 00** **** 3220

Другие данные:

Банковский счет: DE91 1000 00** **** **67 89

Криптокошелек: 0x742d35Cc6634C0532925a3b844Bc454e4438f44e

Почтовый адрес: 125167, Москва, Ленинградский проспект, д. 39, стр. 80

Этот текст содержит множественные вхождения всех требуемых типов персональных данных в различных форматах, что идеально подходит для тестирования систем маскировки.
"
`;
