// Jest Snapshot v1, https://goo.gl/fbAQLP

exports[`@biorate/amqp publish / consume 1`] = `"{\\"test\\":1}"`;
