// Jest Snapshot v1, https://goo.gl/fbAQLP

exports[`@biorate/clickhouse test 1`] = `1`;
