// Jest Snapshot v1, https://goo.gl/fbAQLP

exports[`@biorate/i18n en 1`] = `"Hello world!"`;

exports[`@biorate/i18n ru 1`] = `"Привет мир!"`;
