// Jest Snapshot v1, https://goo.gl/fbAQLP

exports[`@biorate/schema-registry GetSchemasTypes 1`] = `
Array [
  "JSON",
  "PROTOBUF",
  "AVRO",
]
`;

exports[`@biorate/schema-registry GetSubjects 1`] = `
Array [
  "test",
]
`;
